// Jest Snapshot v1, https://goo.gl/fbAQLP

exports[`Trade #useAllCommonPairs should get all pair combinations wbnb, cake 1`] = `
[MockFunction] {
  "calls": Array [
    Array [
      Array [
        Array [
          Token {
            "address": "0xbb4CdB9CBd36B01bD1cBaEBF2De08d9173bc095c",
            "chainId": 56,
            "decimals": 18,
            "name": "Wrapped BNB",
            "projectLink": "https://www.binance.com/",
            "symbol": "WBNB",
          },
          Token {
            "address": "0x0E09FaBB73Bd3Ade0a17ECC321fD13a19e81cE82",
            "chainId": 56,
            "decimals": 18,
            "name": "PancakeSwap Token",
            "projectLink": "https://pancakeswap.finance/",
            "symbol": "CAKE",
          },
        ],
        Array [
          Token {
            "address": "0xbb4CdB9CBd36B01bD1cBaEBF2De08d9173bc095c",
            "chainId": 56,
            "decimals": 18,
            "name": "Wrapped BNB",
            "projectLink": "https://www.binance.com/",
            "symbol": "WBNB",
          },
          Token {
            "address": "0x8CB2B3095ED5A60b7546eD073578681C55D94c01",
            "chainId": 97,
            "decimals": 18,
            "name": "Wrapped BNB",
            "projectLink": "https://www.binance.com/",
            "symbol": "WBNB",
          },
        ],
        Array [
          Token {
            "address": "0xbb4CdB9CBd36B01bD1cBaEBF2De08d9173bc095c",
            "chainId": 56,
            "decimals": 18,
            "name": "Wrapped BNB",
            "projectLink": "https://www.binance.com/",
            "symbol": "WBNB",
          },
          Token {
            "address": "0xd85b5e9a7C33832dcDB554EC07cdcC56810B2e5A",
            "chainId": 97,
            "decimals": 18,
            "name": "PancakeSwap Token",
            "projectLink": "https://pancakeswap.finance/",
            "symbol": "CAKE",
          },
        ],
        Array [
          Token {
            "address": "0xbb4CdB9CBd36B01bD1cBaEBF2De08d9173bc095c",
            "chainId": 56,
            "decimals": 18,
            "name": "Wrapped BNB",
            "projectLink": "https://www.binance.com/",
            "symbol": "WBNB",
          },
          Token {
            "address": "0x47c815F9Eb5E25B6D03E7C5193128E58735e6419",
            "chainId": 97,
            "decimals": 18,
            "name": "Binance USD",
            "projectLink": "https://www.paxos.com/busd/",
            "symbol": "BUSD",
          },
        ],
        Array [
          Token {
            "address": "0x0E09FaBB73Bd3Ade0a17ECC321fD13a19e81cE82",
            "chainId": 56,
            "decimals": 18,
            "name": "PancakeSwap Token",
            "projectLink": "https://pancakeswap.finance/",
            "symbol": "CAKE",
          },
          Token {
            "address": "0x8CB2B3095ED5A60b7546eD073578681C55D94c01",
            "chainId": 97,
            "decimals": 18,
            "name": "Wrapped BNB",
            "projectLink": "https://www.binance.com/",
            "symbol": "WBNB",
          },
        ],
        Array [
          Token {
            "address": "0x0E09FaBB73Bd3Ade0a17ECC321fD13a19e81cE82",
            "chainId": 56,
            "decimals": 18,
            "name": "PancakeSwap Token",
            "projectLink": "https://pancakeswap.finance/",
            "symbol": "CAKE",
          },
          Token {
            "address": "0xd85b5e9a7C33832dcDB554EC07cdcC56810B2e5A",
            "chainId": 97,
            "decimals": 18,
            "name": "PancakeSwap Token",
            "projectLink": "https://pancakeswap.finance/",
            "symbol": "CAKE",
          },
        ],
        Array [
          Token {
            "address": "0x0E09FaBB73Bd3Ade0a17ECC321fD13a19e81cE82",
            "chainId": 56,
            "decimals": 18,
            "name": "PancakeSwap Token",
            "projectLink": "https://pancakeswap.finance/",
            "symbol": "CAKE",
          },
          Token {
            "address": "0x47c815F9Eb5E25B6D03E7C5193128E58735e6419",
            "chainId": 97,
            "decimals": 18,
            "name": "Binance USD",
            "projectLink": "https://www.paxos.com/busd/",
            "symbol": "BUSD",
          },
        ],
        Array [
          Token {
            "address": "0x8CB2B3095ED5A60b7546eD073578681C55D94c01",
            "chainId": 97,
            "decimals": 18,
            "name": "Wrapped BNB",
            "projectLink": "https://www.binance.com/",
            "symbol": "WBNB",
          },
          Token {
            "address": "0xd85b5e9a7C33832dcDB554EC07cdcC56810B2e5A",
            "chainId": 97,
            "decimals": 18,
            "name": "PancakeSwap Token",
            "projectLink": "https://pancakeswap.finance/",
            "symbol": "CAKE",
          },
        ],
        Array [
          Token {
            "address": "0x8CB2B3095ED5A60b7546eD073578681C55D94c01",
            "chainId": 97,
            "decimals": 18,
            "name": "Wrapped BNB",
            "projectLink": "https://www.binance.com/",
            "symbol": "WBNB",
          },
          Token {
            "address": "0x47c815F9Eb5E25B6D03E7C5193128E58735e6419",
            "chainId": 97,
            "decimals": 18,
            "name": "Binance USD",
            "projectLink": "https://www.paxos.com/busd/",
            "symbol": "BUSD",
          },
        ],
        Array [
          Token {
            "address": "0xd85b5e9a7C33832dcDB554EC07cdcC56810B2e5A",
            "chainId": 97,
            "decimals": 18,
            "name": "PancakeSwap Token",
            "projectLink": "https://pancakeswap.finance/",
            "symbol": "CAKE",
          },
          Token {
            "address": "0x8CB2B3095ED5A60b7546eD073578681C55D94c01",
            "chainId": 97,
            "decimals": 18,
            "name": "Wrapped BNB",
            "projectLink": "https://www.binance.com/",
            "symbol": "WBNB",
          },
        ],
        Array [
          Token {
            "address": "0xd85b5e9a7C33832dcDB554EC07cdcC56810B2e5A",
            "chainId": 97,
            "decimals": 18,
            "name": "PancakeSwap Token",
            "projectLink": "https://pancakeswap.finance/",
            "symbol": "CAKE",
          },
          Token {
            "address": "0x47c815F9Eb5E25B6D03E7C5193128E58735e6419",
            "chainId": 97,
            "decimals": 18,
            "name": "Binance USD",
            "projectLink": "https://www.paxos.com/busd/",
            "symbol": "BUSD",
          },
        ],
        Array [
          Token {
            "address": "0x47c815F9Eb5E25B6D03E7C5193128E58735e6419",
            "chainId": 97,
            "decimals": 18,
            "name": "Binance USD",
            "projectLink": "https://www.paxos.com/busd/",
            "symbol": "BUSD",
          },
          Token {
            "address": "0x8CB2B3095ED5A60b7546eD073578681C55D94c01",
            "chainId": 97,
            "decimals": 18,
            "name": "Wrapped BNB",
            "projectLink": "https://www.binance.com/",
            "symbol": "WBNB",
          },
        ],
        Array [
          Token {
            "address": "0x47c815F9Eb5E25B6D03E7C5193128E58735e6419",
            "chainId": 97,
            "decimals": 18,
            "name": "Binance USD",
            "projectLink": "https://www.paxos.com/busd/",
            "symbol": "BUSD",
          },
          Token {
            "address": "0xd85b5e9a7C33832dcDB554EC07cdcC56810B2e5A",
            "chainId": 97,
            "decimals": 18,
            "name": "PancakeSwap Token",
            "projectLink": "https://pancakeswap.finance/",
            "symbol": "CAKE",
          },
        ],
      ],
    ],
  ],
  "results": Array [
    Object {
      "type": "return",
      "value": Array [
        Array [
          2,
          Pair {
            "liquidityToken": Token {
              "address": "0x0eD7e52944161450477ee417DE9Cd3a859b14fD0",
              "chainId": 56,
              "decimals": 18,
              "name": "Pancake LPs",
              "projectLink": undefined,
              "symbol": "Cake-LP",
            },
            "tokenAmounts": Array [
              TokenAmount {
                "currency": Token {
                  "address": "0x0E09FaBB73Bd3Ade0a17ECC321fD13a19e81cE82",
                  "chainId": 56,
                  "decimals": 18,
                  "name": "PancakeSwap Token",
                  "projectLink": "https://pancakeswap.finance/",
                  "symbol": "CAKE",
                },
                "denominator": JSBI [
                  660865024,
                  931322574,
                ],
                "numerator": JSBI [
                  1,
                ],
                "token": Token {
                  "address": "0x0E09FaBB73Bd3Ade0a17ECC321fD13a19e81cE82",
                  "chainId": 56,
                  "decimals": 18,
                  "name": "PancakeSwap Token",
                  "projectLink": "https://pancakeswap.finance/",
                  "symbol": "CAKE",
                },
              },
              TokenAmount {
                "currency": Token {
                  "address": "0xbb4CdB9CBd36B01bD1cBaEBF2De08d9173bc095c",
                  "chainId": 56,
                  "decimals": 18,
                  "name": "Wrapped BNB",
                  "projectLink": "https://www.binance.com/",
                  "symbol": "WBNB",
                },
                "denominator": JSBI [
                  660865024,
                  931322574,
                ],
                "numerator": JSBI [
                  1,
                ],
                "token": Token {
                  "address": "0xbb4CdB9CBd36B01bD1cBaEBF2De08d9173bc095c",
                  "chainId": 56,
                  "decimals": 18,
                  "name": "Wrapped BNB",
                  "projectLink": "https://www.binance.com/",
                  "symbol": "WBNB",
                },
              },
            ],
          },
        ],
        Array [
          2,
          Pair {
            "liquidityToken": Token {
              "address": "0x0eD7e52944161450477ee417DE9Cd3a859b14fD0",
              "chainId": 56,
              "decimals": 18,
              "name": "Pancake LPs",
              "projectLink": undefined,
              "symbol": "Cake-LP",
            },
            "tokenAmounts": Array [
              TokenAmount {
                "currency": Token {
                  "address": "0x0E09FaBB73Bd3Ade0a17ECC321fD13a19e81cE82",
                  "chainId": 56,
                  "decimals": 18,
                  "name": "PancakeSwap Token",
                  "projectLink": "https://pancakeswap.finance/",
                  "symbol": "CAKE",
                },
                "denominator": JSBI [
                  660865024,
                  931322574,
                ],
                "numerator": JSBI [
                  1,
                ],
                "token": Token {
                  "address": "0x0E09FaBB73Bd3Ade0a17ECC321fD13a19e81cE82",
                  "chainId": 56,
                  "decimals": 18,
                  "name": "PancakeSwap Token",
                  "projectLink": "https://pancakeswap.finance/",
                  "symbol": "CAKE",
                },
              },
              TokenAmount {
                "currency": Token {
                  "address": "0xbb4CdB9CBd36B01bD1cBaEBF2De08d9173bc095c",
                  "chainId": 56,
                  "decimals": 18,
                  "name": "Wrapped BNB",
                  "projectLink": "https://www.binance.com/",
                  "symbol": "WBNB",
                },
                "denominator": JSBI [
                  660865024,
                  931322574,
                ],
                "numerator": JSBI [
                  1,
                ],
                "token": Token {
                  "address": "0xbb4CdB9CBd36B01bD1cBaEBF2De08d9173bc095c",
                  "chainId": 56,
                  "decimals": 18,
                  "name": "Wrapped BNB",
                  "projectLink": "https://www.binance.com/",
                  "symbol": "WBNB",
                },
              },
            ],
          },
        ],
        Array [
          2,
          Pair {
            "liquidityToken": Token {
              "address": "0x0eD7e52944161450477ee417DE9Cd3a859b14fD0",
              "chainId": 56,
              "decimals": 18,
              "name": "Pancake LPs",
              "projectLink": undefined,
              "symbol": "Cake-LP",
            },
            "tokenAmounts": Array [
              TokenAmount {
                "currency": Token {
                  "address": "0x0E09FaBB73Bd3Ade0a17ECC321fD13a19e81cE82",
                  "chainId": 56,
                  "decimals": 18,
                  "name": "PancakeSwap Token",
                  "projectLink": "https://pancakeswap.finance/",
                  "symbol": "CAKE",
                },
                "denominator": JSBI [
                  660865024,
                  931322574,
                ],
                "numerator": JSBI [
                  1,
                ],
                "token": Token {
                  "address": "0x0E09FaBB73Bd3Ade0a17ECC321fD13a19e81cE82",
                  "chainId": 56,
                  "decimals": 18,
                  "name": "PancakeSwap Token",
                  "projectLink": "https://pancakeswap.finance/",
                  "symbol": "CAKE",
                },
              },
              TokenAmount {
                "currency": Token {
                  "address": "0xbb4CdB9CBd36B01bD1cBaEBF2De08d9173bc095c",
                  "chainId": 56,
                  "decimals": 18,
                  "name": "Wrapped BNB",
                  "projectLink": "https://www.binance.com/",
                  "symbol": "WBNB",
                },
                "denominator": JSBI [
                  660865024,
                  931322574,
                ],
                "numerator": JSBI [
                  1,
                ],
                "token": Token {
                  "address": "0xbb4CdB9CBd36B01bD1cBaEBF2De08d9173bc095c",
                  "chainId": 56,
                  "decimals": 18,
                  "name": "Wrapped BNB",
                  "projectLink": "https://www.binance.com/",
                  "symbol": "WBNB",
                },
              },
            ],
          },
        ],
        Array [
          2,
          null,
        ],
      ],
    },
  ],
}
`;

exports[`Trade #useAllCommonPairs should get all pair combinations, wbnb, wbnb 1`] = `
[MockFunction] {
  "calls": Array [
    Array [
      Array [
        Array [
          Token {
            "address": "0xbb4CdB9CBd36B01bD1cBaEBF2De08d9173bc095c",
            "chainId": 56,
            "decimals": 18,
            "name": "Wrapped BNB",
            "projectLink": "https://www.binance.com/",
            "symbol": "WBNB",
          },
          Token {
            "address": "0x8CB2B3095ED5A60b7546eD073578681C55D94c01",
            "chainId": 97,
            "decimals": 18,
            "name": "Wrapped BNB",
            "projectLink": "https://www.binance.com/",
            "symbol": "WBNB",
          },
        ],
        Array [
          Token {
            "address": "0xbb4CdB9CBd36B01bD1cBaEBF2De08d9173bc095c",
            "chainId": 56,
            "decimals": 18,
            "name": "Wrapped BNB",
            "projectLink": "https://www.binance.com/",
            "symbol": "WBNB",
          },
          Token {
            "address": "0xd85b5e9a7C33832dcDB554EC07cdcC56810B2e5A",
            "chainId": 97,
            "decimals": 18,
            "name": "PancakeSwap Token",
            "projectLink": "https://pancakeswap.finance/",
            "symbol": "CAKE",
          },
        ],
        Array [
          Token {
            "address": "0xbb4CdB9CBd36B01bD1cBaEBF2De08d9173bc095c",
            "chainId": 56,
            "decimals": 18,
            "name": "Wrapped BNB",
            "projectLink": "https://www.binance.com/",
            "symbol": "WBNB",
          },
          Token {
            "address": "0x47c815F9Eb5E25B6D03E7C5193128E58735e6419",
            "chainId": 97,
            "decimals": 18,
            "name": "Binance USD",
            "projectLink": "https://www.paxos.com/busd/",
            "symbol": "BUSD",
          },
        ],
        Array [
          Token {
            "address": "0xbb4CdB9CBd36B01bD1cBaEBF2De08d9173bc095c",
            "chainId": 56,
            "decimals": 18,
            "name": "Wrapped BNB",
            "projectLink": "https://www.binance.com/",
            "symbol": "WBNB",
          },
          Token {
            "address": "0x8CB2B3095ED5A60b7546eD073578681C55D94c01",
            "chainId": 97,
            "decimals": 18,
            "name": "Wrapped BNB",
            "projectLink": "https://www.binance.com/",
            "symbol": "WBNB",
          },
        ],
        Array [
          Token {
            "address": "0xbb4CdB9CBd36B01bD1cBaEBF2De08d9173bc095c",
            "chainId": 56,
            "decimals": 18,
            "name": "Wrapped BNB",
            "projectLink": "https://www.binance.com/",
            "symbol": "WBNB",
          },
          Token {
            "address": "0xd85b5e9a7C33832dcDB554EC07cdcC56810B2e5A",
            "chainId": 97,
            "decimals": 18,
            "name": "PancakeSwap Token",
            "projectLink": "https://pancakeswap.finance/",
            "symbol": "CAKE",
          },
        ],
        Array [
          Token {
            "address": "0xbb4CdB9CBd36B01bD1cBaEBF2De08d9173bc095c",
            "chainId": 56,
            "decimals": 18,
            "name": "Wrapped BNB",
            "projectLink": "https://www.binance.com/",
            "symbol": "WBNB",
          },
          Token {
            "address": "0x47c815F9Eb5E25B6D03E7C5193128E58735e6419",
            "chainId": 97,
            "decimals": 18,
            "name": "Binance USD",
            "projectLink": "https://www.paxos.com/busd/",
            "symbol": "BUSD",
          },
        ],
        Array [
          Token {
            "address": "0x8CB2B3095ED5A60b7546eD073578681C55D94c01",
            "chainId": 97,
            "decimals": 18,
            "name": "Wrapped BNB",
            "projectLink": "https://www.binance.com/",
            "symbol": "WBNB",
          },
          Token {
            "address": "0xd85b5e9a7C33832dcDB554EC07cdcC56810B2e5A",
            "chainId": 97,
            "decimals": 18,
            "name": "PancakeSwap Token",
            "projectLink": "https://pancakeswap.finance/",
            "symbol": "CAKE",
          },
        ],
        Array [
          Token {
            "address": "0x8CB2B3095ED5A60b7546eD073578681C55D94c01",
            "chainId": 97,
            "decimals": 18,
            "name": "Wrapped BNB",
            "projectLink": "https://www.binance.com/",
            "symbol": "WBNB",
          },
          Token {
            "address": "0x47c815F9Eb5E25B6D03E7C5193128E58735e6419",
            "chainId": 97,
            "decimals": 18,
            "name": "Binance USD",
            "projectLink": "https://www.paxos.com/busd/",
            "symbol": "BUSD",
          },
        ],
        Array [
          Token {
            "address": "0xd85b5e9a7C33832dcDB554EC07cdcC56810B2e5A",
            "chainId": 97,
            "decimals": 18,
            "name": "PancakeSwap Token",
            "projectLink": "https://pancakeswap.finance/",
            "symbol": "CAKE",
          },
          Token {
            "address": "0x8CB2B3095ED5A60b7546eD073578681C55D94c01",
            "chainId": 97,
            "decimals": 18,
            "name": "Wrapped BNB",
            "projectLink": "https://www.binance.com/",
            "symbol": "WBNB",
          },
        ],
        Array [
          Token {
            "address": "0xd85b5e9a7C33832dcDB554EC07cdcC56810B2e5A",
            "chainId": 97,
            "decimals": 18,
            "name": "PancakeSwap Token",
            "projectLink": "https://pancakeswap.finance/",
            "symbol": "CAKE",
          },
          Token {
            "address": "0x47c815F9Eb5E25B6D03E7C5193128E58735e6419",
            "chainId": 97,
            "decimals": 18,
            "name": "Binance USD",
            "projectLink": "https://www.paxos.com/busd/",
            "symbol": "BUSD",
          },
        ],
        Array [
          Token {
            "address": "0x47c815F9Eb5E25B6D03E7C5193128E58735e6419",
            "chainId": 97,
            "decimals": 18,
            "name": "Binance USD",
            "projectLink": "https://www.paxos.com/busd/",
            "symbol": "BUSD",
          },
          Token {
            "address": "0x8CB2B3095ED5A60b7546eD073578681C55D94c01",
            "chainId": 97,
            "decimals": 18,
            "name": "Wrapped BNB",
            "projectLink": "https://www.binance.com/",
            "symbol": "WBNB",
          },
        ],
        Array [
          Token {
            "address": "0x47c815F9Eb5E25B6D03E7C5193128E58735e6419",
            "chainId": 97,
            "decimals": 18,
            "name": "Binance USD",
            "projectLink": "https://www.paxos.com/busd/",
            "symbol": "BUSD",
          },
          Token {
            "address": "0xd85b5e9a7C33832dcDB554EC07cdcC56810B2e5A",
            "chainId": 97,
            "decimals": 18,
            "name": "PancakeSwap Token",
            "projectLink": "https://pancakeswap.finance/",
            "symbol": "CAKE",
          },
        ],
      ],
    ],
  ],
  "results": Array [
    Object {
      "type": "return",
      "value": Array [
        Array [
          2,
          Pair {
            "liquidityToken": Token {
              "address": "0x0eD7e52944161450477ee417DE9Cd3a859b14fD0",
              "chainId": 56,
              "decimals": 18,
              "name": "Pancake LPs",
              "projectLink": undefined,
              "symbol": "Cake-LP",
            },
            "tokenAmounts": Array [
              TokenAmount {
                "currency": Token {
                  "address": "0x0E09FaBB73Bd3Ade0a17ECC321fD13a19e81cE82",
                  "chainId": 56,
                  "decimals": 18,
                  "name": "PancakeSwap Token",
                  "projectLink": "https://pancakeswap.finance/",
                  "symbol": "CAKE",
                },
                "denominator": JSBI [
                  660865024,
                  931322574,
                ],
                "numerator": JSBI [
                  1,
                ],
                "token": Token {
                  "address": "0x0E09FaBB73Bd3Ade0a17ECC321fD13a19e81cE82",
                  "chainId": 56,
                  "decimals": 18,
                  "name": "PancakeSwap Token",
                  "projectLink": "https://pancakeswap.finance/",
                  "symbol": "CAKE",
                },
              },
              TokenAmount {
                "currency": Token {
                  "address": "0xbb4CdB9CBd36B01bD1cBaEBF2De08d9173bc095c",
                  "chainId": 56,
                  "decimals": 18,
                  "name": "Wrapped BNB",
                  "projectLink": "https://www.binance.com/",
                  "symbol": "WBNB",
                },
                "denominator": JSBI [
                  660865024,
                  931322574,
                ],
                "numerator": JSBI [
                  1,
                ],
                "token": Token {
                  "address": "0xbb4CdB9CBd36B01bD1cBaEBF2De08d9173bc095c",
                  "chainId": 56,
                  "decimals": 18,
                  "name": "Wrapped BNB",
                  "projectLink": "https://www.binance.com/",
                  "symbol": "WBNB",
                },
              },
            ],
          },
        ],
        Array [
          2,
          Pair {
            "liquidityToken": Token {
              "address": "0x0eD7e52944161450477ee417DE9Cd3a859b14fD0",
              "chainId": 56,
              "decimals": 18,
              "name": "Pancake LPs",
              "projectLink": undefined,
              "symbol": "Cake-LP",
            },
            "tokenAmounts": Array [
              TokenAmount {
                "currency": Token {
                  "address": "0x0E09FaBB73Bd3Ade0a17ECC321fD13a19e81cE82",
                  "chainId": 56,
                  "decimals": 18,
                  "name": "PancakeSwap Token",
                  "projectLink": "https://pancakeswap.finance/",
                  "symbol": "CAKE",
                },
                "denominator": JSBI [
                  660865024,
                  931322574,
                ],
                "numerator": JSBI [
                  1,
                ],
                "token": Token {
                  "address": "0x0E09FaBB73Bd3Ade0a17ECC321fD13a19e81cE82",
                  "chainId": 56,
                  "decimals": 18,
                  "name": "PancakeSwap Token",
                  "projectLink": "https://pancakeswap.finance/",
                  "symbol": "CAKE",
                },
              },
              TokenAmount {
                "currency": Token {
                  "address": "0xbb4CdB9CBd36B01bD1cBaEBF2De08d9173bc095c",
                  "chainId": 56,
                  "decimals": 18,
                  "name": "Wrapped BNB",
                  "projectLink": "https://www.binance.com/",
                  "symbol": "WBNB",
                },
                "denominator": JSBI [
                  660865024,
                  931322574,
                ],
                "numerator": JSBI [
                  1,
                ],
                "token": Token {
                  "address": "0xbb4CdB9CBd36B01bD1cBaEBF2De08d9173bc095c",
                  "chainId": 56,
                  "decimals": 18,
                  "name": "Wrapped BNB",
                  "projectLink": "https://www.binance.com/",
                  "symbol": "WBNB",
                },
              },
            ],
          },
        ],
        Array [
          2,
          Pair {
            "liquidityToken": Token {
              "address": "0x0eD7e52944161450477ee417DE9Cd3a859b14fD0",
              "chainId": 56,
              "decimals": 18,
              "name": "Pancake LPs",
              "projectLink": undefined,
              "symbol": "Cake-LP",
            },
            "tokenAmounts": Array [
              TokenAmount {
                "currency": Token {
                  "address": "0x0E09FaBB73Bd3Ade0a17ECC321fD13a19e81cE82",
                  "chainId": 56,
                  "decimals": 18,
                  "name": "PancakeSwap Token",
                  "projectLink": "https://pancakeswap.finance/",
                  "symbol": "CAKE",
                },
                "denominator": JSBI [
                  660865024,
                  931322574,
                ],
                "numerator": JSBI [
                  1,
                ],
                "token": Token {
                  "address": "0x0E09FaBB73Bd3Ade0a17ECC321fD13a19e81cE82",
                  "chainId": 56,
                  "decimals": 18,
                  "name": "PancakeSwap Token",
                  "projectLink": "https://pancakeswap.finance/",
                  "symbol": "CAKE",
                },
              },
              TokenAmount {
                "currency": Token {
                  "address": "0xbb4CdB9CBd36B01bD1cBaEBF2De08d9173bc095c",
                  "chainId": 56,
                  "decimals": 18,
                  "name": "Wrapped BNB",
                  "projectLink": "https://www.binance.com/",
                  "symbol": "WBNB",
                },
                "denominator": JSBI [
                  660865024,
                  931322574,
                ],
                "numerator": JSBI [
                  1,
                ],
                "token": Token {
                  "address": "0xbb4CdB9CBd36B01bD1cBaEBF2De08d9173bc095c",
                  "chainId": 56,
                  "decimals": 18,
                  "name": "Wrapped BNB",
                  "projectLink": "https://www.binance.com/",
                  "symbol": "WBNB",
                },
              },
            ],
          },
        ],
        Array [
          2,
          null,
        ],
      ],
    },
  ],
}
`;
